Starting Container
Error: Cannot find module '/app/dist/index.cjs'
    at Module._resolveFilename (node:internal/modules/cjs/loader:1140:15)
    at Module._load (node:internal/modules/cjs/loader:981:27)
    at Function.executeUserEntryPoint [as runMain] (node:internal/modules/run_main:128:12)
    at node:internal/main/run_main_module:28:49 {
  code: 'MODULE_NOT_FOUND',
  requireStack: []
}
npm warn config production Use `--omit=dev` instead.
Node.js v18.20.5
> rest-express@1.0.0 start
> NODE_ENV=production node dist/index.cjs
node:internal/modules/cjs/loader:1143
  throw err;
  ^
npm warn config production Use `--omit=dev` instead.
> rest-express@1.0.0 start
> NODE_ENV=production node dist/index.cjs
node:internal/modules/cjs/loader:1143
Node.js v18.20.5
  throw err;
  ^
Error: Cannot find module '/app/dist/index.cjs'
    at Module._resolveFilename (node:internal/modules/cjs/loader:1140:15)
    at Module._load (node:internal/modules/cjs/loader:981:27)
    at Function.executeUserEntryPoint [as runMain] (node:internal/modules/run_main:128:12)
    at node:internal/main/run_main_module:28:49 {
  code: 'MODULE_NOT_FOUND',
  requireStack: []
}
npm warn config production Use `--omit=dev` instead.
> rest-express@1.0.0 start
> NODE_ENV=production node dist/index.cjs
  code: 'MODULE_NOT_FOUND',
node:internal/modules/cjs/loader:1143
  requireStack: []
  throw err;
}
  ^
Node.js v18.20.5
Error: Cannot find module '/app/dist/index.cjs'
    at Module._resolveFilename (node:internal/modules/cjs/loader:1140:15)
    at Module._load (node:internal/modules/cjs/loader:981:27)
    at Function.executeUserEntryPoint [as runMain] (node:internal/modules/run_main:128:12)
    at node:internal/main/run_main_module:28:49 {
npm warn config production Use `--omit=dev` instead.
> rest-express@1.0.0 start
> NODE_ENV=production node dist/index.cjs
node:internal/modules/cjs/loader:1143
  throw err;
  ^
Error: Cannot find module '/app/dist/index.cjs'
    at Module._resolveFilename (node:internal/modules/cjs/loader:1140:15)
    at Module._load (node:internal/modules/cjs/loader:981:27)
    at Function.executeUserEntryPoint [as runMain] (node:internal/modules/run_main:128:12)
    at node:internal/main/run_main_module:28:49 {
  code: 'MODULE_NOT_FOUND',
  requireStack: []
}
Node.js v18.20.5
> NODE_ENV=production node dist/index.cjs
npm warn config production Use `--omit=dev` instead.
> rest-express@1.0.0 start
node:internal/modules/cjs/loader:1143
  throw err;
  ^
Error: Cannot find module '/app/dist/index.cjs'
    at Module._resolveFilename (node:internal/modules/cjs/loader:1140:15)
    at Module._load (node:internal/modules/cjs/loader:981:27)
    at Function.executeUserEntryPoint [as runMain] (node:internal/modules/run_main:128:12)
    at node:internal/main/run_main_module:28:49 {
  code: 'MODULE_NOT_FOUND',
  requireStack: []
}
Node.js v18.20.5
npm warn config production Use `--omit=dev` instead.
> rest-express@1.0.0 start
> NODE_ENV=production node dist/index.cjs
node:internal/modules/cjs/loader:1143
  throw err;
  ^
Error: Cannot find module '/app/dist/index.cjs'
    at Module._resolveFilename (node:internal/modules/cjs/loader:1140:15)
    at Module._load (node:internal/modules/cjs/loader:981:27)
    at Function.executeUserEntryPoint [as runMain] (node:internal/modules/run_main:128:12)
    at node:internal/main/run_main_module:28:49 {
  code: 'MODULE_NOT_FOUND',
  requireStack: []
}
Node.js v18.20.5
npm warn config production Use `--omit=dev` instead.
> rest-express@1.0.0 start
> NODE_ENV=production node dist/index.cjs
}
node:internal/modules/cjs/loader:1143
  throw err;